 GaYmFilter

 Timestamp is 69c4f714 (Thu Mar 26 05:06:28 2026)

 Preferred load address is 0000000140000000

 Start         Length     Name                   Class
 0001:00000000 00003c70H .text$mn                CODE
 0001:00003c70 00000090H .text$mn$00             CODE
 0001:00003d00 000004aaH .text$mn$21             CODE
 0002:00000000 00000070H .idata$5                DATA
 0002:00000070 00000180H .00cfg                  DATA
 0002:000001f0 00000000H .gfids$y                DATA
 0002:000001f0 00000790H .rdata                  DATA
 0002:00000980 00000080H .rdata$CastGuardVftablesA DATA
 0002:00000a00 00000080H .rdata$CastGuardVftablesC DATA
 0002:00000a80 00000018H .rdata$voltmd           DATA
 0002:00000a98 000002a8H .rdata$zzzdbg           DATA
 0002:00000d40 0000032cH .xdata                  DATA
 0003:00000000 00000b40H .data                   DATA
 0003:00000b40 00000010H .kmdfclassbind$a        DATA
 0003:00000b50 00000008H .kmdfclassbind$c        DATA
 0003:00000b58 00000008H .kmdfclassbind$d        DATA
 0003:00000b60 00000010H .kmdftypeinit$a         DATA
 0003:00000b70 00000010H .kmdftypeinit$c         DATA
 0003:00000b80 00000278H .bss                    DATA
 0004:00000000 00000414H .pdata                  DATA
 0005:00000000 00000030H INIT                    CODE
 0005:00000030 00000028H .idata$2                CODE
 0005:00000058 00000018H .idata$3                CODE
 0005:00000070 00000068H .idata$4                CODE
 0005:000000d8 0000010cH .idata$6                CODE

  Address         Publics by Value              Rva+Base               Lib:Object

 0000:00000000       __AbsoluteZero             0000000000000000     <absolute>
 0000:00000000       ___safe_se_handler_count   0000000000000000     <absolute>
 0000:00000000       ___safe_se_handler_table   0000000000000000     <absolute>
 0000:00000000       __arm64x_extra_rfe_table   0000000000000000     <absolute>
 0000:00000000       __arm64x_extra_rfe_table_size 0000000000000000     <absolute>
 0000:00000000       __arm64x_native_entrypoint 0000000000000000     <absolute>
 0000:00000000       __arm64x_redirection_metadata 0000000000000000     <absolute>
 0000:00000000       __arm64x_redirection_metadata_count 0000000000000000     <absolute>
 0000:00000000       __dynamic_value_reloc_table 0000000000000000     <absolute>
 0000:00000000       __enclave_config           0000000000000000     <absolute>
 0000:00000000       __guard_check_icall_a64n_fptr 0000000000000000     <absolute>
 0000:00000000       __guard_eh_cont_count      0000000000000000     <absolute>
 0000:00000000       __guard_eh_cont_table      0000000000000000     <absolute>
 0000:00000000       __guard_fids_count         0000000000000000     <absolute>
 0000:00000000       __guard_fids_table         0000000000000000     <absolute>
 0000:00000000       __guard_iat_count          0000000000000000     <absolute>
 0000:00000000       __guard_iat_table          0000000000000000     <absolute>
 0000:00000000       __guard_longjmp_count      0000000000000000     <absolute>
 0000:00000000       __guard_longjmp_table      0000000000000000     <absolute>
 0000:00000000       __hybrid_auxiliary_delayload_iat 0000000000000000     <absolute>
 0000:00000000       __hybrid_auxiliary_delayload_iat_copy 0000000000000000     <absolute>
 0000:00000000       __hybrid_auxiliary_iat     0000000000000000     <absolute>
 0000:00000000       __hybrid_auxiliary_iat_copy 0000000000000000     <absolute>
 0000:00000000       __hybrid_code_map          0000000000000000     <absolute>
 0000:00000000       __hybrid_code_map_count    0000000000000000     <absolute>
 0000:00000000       __hybrid_image_info_bitfield 0000000000000000     <absolute>
 0000:00000000       __x64_code_ranges_to_entry_points 0000000000000000     <absolute>
 0000:00000000       __x64_code_ranges_to_entry_points_count 0000000000000000     <absolute>
 0000:00000100       __guard_flags              0000000000000100     <absolute>
 0001:00000000       DriverEntry                0000000140001000 f   driver.obj
 0001:000000b0       GaYmEvtDriverUnload        00000001400010b0 f   driver.obj
 0001:000000f0       WDF_DRIVER_CONFIG_INIT     00000001400010f0 f i driver.obj
 0001:00000180       WdfDriverCreate            0000000140001180 f i driver.obj
 0001:000001e0       ControlGetContext          00000001400011e0 f i device.obj
 0001:00000200       DeviceGetContext           0000000140001200 f i device.obj
 0001:00000220       GaYmCompleteReadWithReport 0000000140001220 f   device.obj
 0001:00000520       GaYmCreateControlDevice    0000000140001520 f   device.obj
 0001:00000840       GaYmDeleteControlDevice    0000000140001840 f   device.obj
 0001:000008b0       GaYmDrainPendingReads      00000001400018b0 f   device.obj
 0001:00000950       GaYmEvtCtlIoDeviceControl  0000000140001950 f   device.obj
 0001:00000e20       GaYmEvtD0Entry             0000000140001e20 f   device.obj
 0001:00000ef0       GaYmEvtD0Exit              0000000140001ef0 f   device.obj
 0001:00000fd0       GaYmEvtDeviceAdd           0000000140001fd0 f   device.obj
 0001:000013c0       GaYmEvtIoDeviceControl     00000001400023c0 f   device.obj
 0001:00001460       GaYmEvtIoInternalDeviceControl 0000000140002460 f   device.obj
 0001:00001500       GaYmEvtIoRead              0000000140002500 f   device.obj
 0001:00001570       GaYmEvtIoWrite             0000000140002570 f   device.obj
 0001:000015c0       GaYmEvtPrepareHardware     00000001400025c0 f   device.obj
 0001:00001650       GaYmEvtReleaseHardware     0000000140002650 f   device.obj
 0001:00001710       GaYmEvtSurpriseRemoval     0000000140002710 f   device.obj
 0001:00001810       GaYmForwardRequest         0000000140002810 f   device.obj
 0001:00001a40       WDF_IO_QUEUE_CONFIG_INIT   0000000140002a40 f i device.obj
 0001:00001af0       WDF_IO_QUEUE_CONFIG_INIT_DEFAULT_QUEUE 0000000140002af0 f i device.obj
 0001:00001bb0       WDF_OBJECT_ATTRIBUTES_INIT 0000000140002bb0 f i device.obj
 0001:00001c40       WDF_PNPPOWER_EVENT_CALLBACKS_INIT 0000000140002c40 f i device.obj
 0001:00001cc0       WDF_REQUEST_PARAMETERS_INIT 0000000140002cc0 f i device.obj
 0001:00001d40       WDF_REQUEST_SEND_OPTIONS_INIT 0000000140002d40 f i device.obj
 0001:00001dd0       WdfControlDeviceInitAllocate 0000000140002dd0 f i device.obj
 0001:00001e10       WdfControlFinishInitializing 0000000140002e10 f i device.obj
 0001:00001e40       WdfDeviceCreate            0000000140002e40 f i device.obj
 0001:00001e90       WdfDeviceCreateSymbolicLink 0000000140002e90 f i device.obj
 0001:00001ed0       WdfDeviceGetIoTarget       0000000140002ed0 f i device.obj
 0001:00001f00       WdfDeviceInitAssignName    0000000140002f00 f i device.obj
 0001:00001f40       WdfDeviceInitFree          0000000140002f40 f i device.obj
 0001:00001f70       WdfDeviceInitSetCharacteristics 0000000140002f70 f i device.obj
 0001:00001fc0       WdfDeviceInitSetDeviceType 0000000140002fc0 f i device.obj
 0001:00002000       WdfDeviceInitSetExclusive  0000000140003000 f i device.obj
 0001:00002040       WdfDeviceInitSetPnpPowerEventCallbacks 0000000140003040 f i device.obj
 0001:00002080       WdfDeviceWdmGetPhysicalDevice 0000000140003080 f i device.obj
 0001:000020b0       WdfFdoInitSetFilter        00000001400030b0 f i device.obj
 0001:000020f0       WdfGetDriver               00000001400030f0 f i device.obj
 0001:00002100       WdfIoQueueCreate           0000000140003100 f i device.obj
 0001:00002160       WdfIoQueueGetDevice        0000000140003160 f i device.obj
 0001:000021a0       WdfIoQueuePurgeSynchronously 00000001400031a0 f i device.obj
 0001:000021e0       WdfIoQueueRetrieveNextRequest 00000001400031e0 f i device.obj
 0001:00002220       WdfObjectDelete            0000000140003220 f i device.obj
 0001:00002260       WdfObjectGetTypedContextWorker 0000000140003260 f i device.obj
 0001:000022a0       WdfRequestComplete         00000001400032a0 f i device.obj
 0001:000022e0       WdfRequestCompleteWithInformation 00000001400032e0 f i device.obj
 0001:00002330       WdfRequestFormatRequestUsingCurrentType 0000000140003330 f i device.obj
 0001:00002370       WdfRequestForwardToIoQueue 0000000140003370 f i device.obj
 0001:000023b0       WdfRequestGetParameters    00000001400033b0 f i device.obj
 0001:000023f0       WdfRequestGetStatus        00000001400033f0 f i device.obj
 0001:00002430       WdfRequestRetrieveInputBuffer 0000000140003430 f i device.obj
 0001:00002490       WdfRequestRetrieveOutputBuffer 0000000140003490 f i device.obj
 0001:000024f0       WdfRequestSend             00000001400034f0 f i device.obj
 0001:00002540       WdfRequestWdmGetIrp        0000000140003540 f i device.obj
 0001:00003000       GaYmDeviceTypeName         0000000140004000 f   devices.obj
 0001:00003060       GaYmLookupDevice           0000000140004060 f   devices.obj
 0001:000030e0       GaYmParseHardwareId        00000001400040e0 f   devices.obj
 0001:00003320       DbgPrintEx                 0000000140004320 f   ntoskrnl:ntoskrnl.exe
 0001:00003330       KeInitializeSpinLock       0000000140004330 f   ntoskrnl:ntoskrnl.exe
 0001:00003336       KeAcquireSpinLockRaiseToDpc 0000000140004336 f   ntoskrnl:ntoskrnl.exe
 0001:0000333c       KeReleaseSpinLock          000000014000433c f   ntoskrnl:ntoskrnl.exe
 0001:00003342       IoGetDeviceProperty        0000000140004342 f   ntoskrnl:ntoskrnl.exe
 0001:00003348       __cpu_features_init        0000000140004348 f   ntoskrnl:cpuinfo.obj
 0001:00003400       ?FxStubDriverEntryFailure@@YAXXZ 0000000140004400 f   wdfdriverentry:stub.obj
 0001:00003458       ?FxStubDriverUnloadCommon@@YAXXZ 0000000140004458 f   wdfdriverentry:stub.obj
 0001:00003488       FxDriverEntry              0000000140004488 f   wdfdriverentry:stub.obj
 0001:000034b4       FxDriverEntryWorker        00000001400044b4 f   wdfdriverentry:stub.obj
 0001:00003604       FxStubDriverMiniportUnload 0000000140004604 f   wdfdriverentry:stub.obj
 0001:00003614       FxStubDriverUnload         0000000140004614 f   wdfdriverentry:stub.obj
 0001:00003640       WDF_LOADER_INTERFACE_DRIVER_ENTRY_FAILURE_INIT 0000000140004640 f i wdfdriverentry:stub.obj
 0001:0000365c       ?FxGetNextObjectContextTypeInfo@@YAPEAU_WDF_OBJECT_CONTEXT_TYPE_INFO@@PEBEQEAU1@@Z 000000014000465c f i wdfdriverentry:inittypes.obj
 0001:000036a0       ?FxStubInitTypes@@YAJXZ    00000001400046a0 f   wdfdriverentry:inittypes.obj
 0001:00003764       ?FxStubBindClasses@@YAJPEAU_WDF_BIND_INFO@@@Z 0000000140004764 f   wdfdriverentry:classbind.obj
 0001:000038f0       ?FxStubIsClassBound@@YAEXZ 00000001400048f0 f   wdfdriverentry:classbind.obj
 0001:00003904       ?FxStubUnbindClasses@@YAXPEAU_WDF_BIND_INFO@@@Z 0000000140004904 f   wdfdriverentry:classbind.obj
 0001:000039ec       FxGetNextClassBindInfo     00000001400049ec f i wdfdriverentry:classbind.obj
 0001:00003a42       RtlCopyUnicodeString       0000000140004a42 f   ntoskrnl:ntoskrnl.exe
 0001:00003a50       ReadNoFence64              0000000140004a50 f i ntoskrnl:guard_support.obj
 0001:00003a58       ReadPointerNoFence         0000000140004a58 f i ntoskrnl:guard_support.obj
 0001:00003a60       __castguard_check_failure_debugbreak 0000000140004a60 f i ntoskrnl:guard_support.obj
 0001:00003a7c       __castguard_check_failure_fastfail 0000000140004a7c f i ntoskrnl:guard_support.obj
 0001:00003aa0       __castguard_check_failure_nop 0000000140004aa0 f i ntoskrnl:guard_support.obj
 0001:00003aa4       __castguard_check_failure_os_handled 0000000140004aa4 f i ntoskrnl:guard_support.obj
 0001:00003b28       __castguard_slow_path_check_debugbreak 0000000140004b28 f i ntoskrnl:guard_support.obj
 0001:00003b60       __castguard_slow_path_check_fastfail 0000000140004b60 f i ntoskrnl:guard_support.obj
 0001:00003b9c       __castguard_slow_path_check_nop 0000000140004b9c f i ntoskrnl:guard_support.obj
 0001:00003ba0       __castguard_slow_path_check_os_handled 0000000140004ba0 f i ntoskrnl:guard_support.obj
 0001:00003c14       _guard_icall_checks_enforced 0000000140004c14 f i ntoskrnl:guard_support.obj
 0001:00003c2c       _guard_rf_checks_enforced  0000000140004c2c f i ntoskrnl:guard_support.obj
 0001:00003c30       _guard_check_icall_nop     0000000140004c30 f i ntoskrnl:guard_check.obj
 0001:00003c40       RtlFailFast                0000000140004c40 f i bufferoverflowfastfailk:gs_support.obj
 0001:00003c46       WdfVersionBind             0000000140004c46 f   wdfldr:WDFLDR.SYS
 0001:00003c4c       WdfLdrQueryInterface       0000000140004c4c f   wdfldr:WDFLDR.SYS
 0001:00003c52       WdfVersionUnbind           0000000140004c52 f   wdfldr:WDFLDR.SYS
 0001:00003c58       WdfVersionBindClass        0000000140004c58 f   wdfldr:WDFLDR.SYS
 0001:00003c5e       WdfVersionUnbindClass      0000000140004c5e f   wdfldr:WDFLDR.SYS
 0001:00003c80       _guard_dispatch_icall      0000000140004c80 f   ntoskrnl:dispatchcfg.obj
 0001:00003c80       _guard_dispatch_icall_$fo_default$ 0000000140004c80     ntoskrnl:dispatchcfg.obj
 0001:00003ca0       _guard_dispatch_icall_nop  0000000140004ca0 f   ntoskrnl:guard_dispatch.obj
 0001:00003cc0       _guard_xfg_dispatch_icall_nop 0000000140004cc0 f   ntoskrnl:guard_xfg_dispatch.obj
 0001:00003d00       memset                     0000000140004d00 f   ntoskrnl:memset.obj
 0001:00003d00       memset_$fo_default$        0000000140004d00     ntoskrnl:memset.obj
 0001:00003e40       __memset_repmovs           0000000140004e40 f   ntoskrnl:memset.obj
 0001:00003ec0       __memset_query             0000000140004ec0 f   ntoskrnl:memset.obj
 0001:00003f00       memcpy                     0000000140004f00 f   ntoskrnl:memcpy.obj
 0001:00003f00       memmove                    0000000140004f00 f   ntoskrnl:memcpy.obj
 0002:00000000       __imp_WdfVersionUnbindClass 0000000140006000     wdfldr:WDFLDR.SYS
 0002:00000008       __imp_WdfVersionUnbind     0000000140006008     wdfldr:WDFLDR.SYS
 0002:00000010       __imp_WdfLdrQueryInterface 0000000140006010     wdfldr:WDFLDR.SYS
 0002:00000018       __imp_WdfVersionBind       0000000140006018     wdfldr:WDFLDR.SYS
 0002:00000020       __imp_WdfVersionBindClass  0000000140006020     wdfldr:WDFLDR.SYS
 0002:00000028       \177WDFLDR_NULL_THUNK_DATA 0000000140006028     wdfldr:WDFLDR.SYS
 0002:00000030       __imp_KeReleaseSpinLock    0000000140006030     ntoskrnl:ntoskrnl.exe
 0002:00000038       __imp_KeAcquireSpinLockRaiseToDpc 0000000140006038     ntoskrnl:ntoskrnl.exe
 0002:00000040       __imp_KeInitializeSpinLock 0000000140006040     ntoskrnl:ntoskrnl.exe
 0002:00000048       __imp_RtlCopyUnicodeString 0000000140006048     ntoskrnl:ntoskrnl.exe
 0002:00000050       __imp_IoGetDeviceProperty  0000000140006050     ntoskrnl:ntoskrnl.exe
 0002:00000058       __imp_DbgPrintEx           0000000140006058     ntoskrnl:ntoskrnl.exe
 0002:00000060       \177ntoskrnl_NULL_THUNK_DATA 0000000140006060     ntoskrnl:ntoskrnl.exe
 0002:00000070       __guard_check_icall_fptr   0000000140006070     ntoskrnl:guard_support.obj
 0002:00000078       __guard_dispatch_icall_fptr 0000000140006078     ntoskrnl:guard_support.obj
 0002:00000080       __guard_xfg_check_icall_fptr 0000000140006080     ntoskrnl:guard_support.obj
 0002:00000088       __guard_xfg_dispatch_icall_fptr 0000000140006088     ntoskrnl:guard_support.obj
 0002:00000090       __guard_xfg_table_dispatch_icall_fptr 0000000140006090     ntoskrnl:guard_support.obj
 0002:00000098       __castguard_check_failure_os_handled_fptr 0000000140006098     ntoskrnl:guard_support.obj
 0002:000000a0       __uma_functions            00000001400060a0     ntstrsafe:loadcfg.obj
 0002:000001f0       GUID_DEVINTERFACE_GAYM_FILTER 00000001400061f0     driver.obj
 0002:00000200       g_CtlDeviceName_buffer     0000000140006200     device.obj
 0002:00000230       g_CtlDeviceName            0000000140006230     device.obj
 0002:00000240       g_CtlSymLink_buffer        0000000140006240     device.obj
 0002:00000278       g_CtlSymLink               0000000140006278     device.obj
 0002:000003f8       ??_C@_1BI@BJCKEEDJ@?$AAK?$AAm?$AAd?$AAf?$AAL?$AAi?$AAb?$AAr?$AAa?$AAr?$AAy@ 00000001400063f8     wdfdriverentry:stub.obj
 0002:00000410       ??_C@_0CI@FGGECOFJ@DriverEntry?5failed?50x?$CFx?5for?5dri@ 0000000140006410     wdfdriverentry:stub.obj
 0002:00000438       WdfDumpGuid2               0000000140006438     wdfdriverentry:stub.obj
 0002:00000448       WdfDumpGuid                0000000140006448     wdfdriverentry:stub.obj
 0002:00000458       GUID_WDF_LOADER_INTERFACE_DIAGNOSTIC 0000000140006458     wdfdriverentry:stub.obj
 0002:00000468       GUID_WDF_LOADER_INTERFACE_DRIVER_ENTRY_FAILURE 0000000140006468     wdfdriverentry:stub.obj
 0002:00000478       GUID_WDF_LOADER_INTERFACE_STANDARD 0000000140006478     wdfdriverentry:stub.obj
 0002:00000488       WdfTraceGuid               0000000140006488     wdfdriverentry:stub.obj
 0002:00000498       GUID_WDF_LOADER_INTERFACE_CLASS_BIND 0000000140006498     wdfdriverentry:stub.obj
 0002:000004b0       ??_C@_0KH@DJLKAFDB@FxStubInitTypes?3?5invalid?5driver@ 00000001400064b0     wdfdriverentry:inittypes.obj
 0002:00000558       ??_C@_0CH@JKHNJGFB@FxGetNextObjectContextTypeInfo?5@ 0000000140006558     wdfdriverentry:inittypes.obj
 0002:00000580       ??_C@_0KL@EAFAJNMK@FxStubBindClasses?3?5invalid?5driv@ 0000000140006580     wdfdriverentry:classbind.obj
 0002:00000630       ??_C@_0BP@CNINNJGL@FxGetNextClassBindInfo?5failed?6@ 0000000140006630     wdfdriverentry:classbind.obj
 0002:00000650       ??_C@_0GB@LEIJHLCM@FxStubBindClasses?3?5ClientBindCl@ 0000000140006650     wdfdriverentry:classbind.obj
 0002:000006c0       ??_C@_0FO@DJFFLMAP@FxStubBindClasses?3?5VersionBindC@ 00000001400066c0     wdfdriverentry:classbind.obj
 0002:00000720       RtlNtPathSeperatorString   0000000140006720     ntstrsafe:loadcfg.obj
 0002:00000730       ??_C@_13FPGAJAPJ@?$AA?2@   0000000140006730     ntstrsafe:loadcfg.obj
 0002:00000738       RtlDosPathSeperatorsString 0000000140006738     ntstrsafe:loadcfg.obj
 0002:00000748       ??_C@_15MNCACJLI@?$AA?2?$AA?1@ 0000000140006748     ntstrsafe:loadcfg.obj
 0002:00000750       RtlAlternateDosPathSeperatorString 0000000140006750     ntstrsafe:loadcfg.obj
 0002:00000760       ??_C@_13CGOKJPIL@?$AA?1@   0000000140006760     ntstrsafe:loadcfg.obj
 0002:00000770       _load_config_used          0000000140006770     ntstrsafe:loadcfg.obj
 0002:00000980       __CastGuardVftablesStart   0000000140006980     ntoskrnl:guard_support.obj
 0002:00000a00       __CastGuardVftablesEnd     0000000140006a00     ntoskrnl:guard_support.obj
 0002:00000a80       __volatile_metadata        0000000140006a80     <linker-defined>
 0003:00000000       _WDF_DEVICE_CONTEXT_TYPE_INFO 0000000140008000     driver.obj
 0003:000000f8       _WDF_CONTROL_DEVICE_CONTEXT_TYPE_INFO 00000001400080f8     driver.obj
 0003:00000120       WdfMinimumVersionRequired  0000000140008120     driver.obj
 0003:00000a80       __isa_info                 0000000140008a80     ntoskrnl:cpuinfo.obj
 0003:00000ac0       WdfStructureCount          0000000140008ac0     wdfdriverentry:stub.obj
 0003:00000b28       WdfFunctionCount           0000000140008b28     wdfdriverentry:stub.obj
 0003:00000b30       __security_cookie          0000000140008b30     bufferoverflowfastfailk:gs_support.obj
 0003:00000b38       __security_cookie_complement 0000000140008b38     bufferoverflowfastfailk:gs_support.obj
 0003:00000b40       ?__KMDF_CLASS_BIND_START@@3U_MARKER_TYPE@@A 0000000140008b40     wdfdriverentry:classbind.obj
 0003:00000b50       ?__KMDF_CLASS_BIND_END@@3PEAXEA 0000000140008b50     wdfdriverentry:classbind.obj
 0003:00000b60       ?__KMDF_TYPE_INIT_START@@3U_MARKER_TYPE@@A 0000000140008b60     wdfdriverentry:inittypes.obj
 0003:00000b70       ?__KMDF_TYPE_INIT_END@@3PEAXEA 0000000140008b70     wdfdriverentry:inittypes.obj
 0003:00000b80       ExPoolZeroingNativelySupported 0000000140008b80     driver.obj
 0003:00000b90       WdfStructures              0000000140008b90     wdfdriverentry:stub.obj
 0003:00000b98       ExDefaultMdlProtection     0000000140008b98     wdfdriverentry:stub.obj
 0003:00000da8       WdfFunctions_01033         0000000140008da8     wdfdriverentry:stub.obj
 0003:00000db0       ExDefaultNonPagedPoolType  0000000140008db0     wdfdriverentry:stub.obj
 0003:00000db8       WdfDriverMiniportUnloadOverride 0000000140008db8     wdfdriverentry:stub.obj
 0003:00000dc0       WdfClientVersionHigherThanFramework 0000000140008dc0     wdfdriverentry:stub.obj
 0003:00000dc8       typeWDF_IFR_HEADER         0000000140008dc8     wdfdriverentry:stub.obj
 0003:00000de0       WdfDriverGlobals           0000000140008de0     wdfdriverentry:stub.obj
 0005:00000000       __security_init_cookie     000000014000a000 f   bufferoverflowfastfailk:gs_support.obj
 0005:00000030       __IMPORT_DESCRIPTOR_ntoskrnl 000000014000a030     ntoskrnl:ntoskrnl.exe
 0005:00000044       __IMPORT_DESCRIPTOR_WDFLDR 000000014000a044     wdfldr:WDFLDR.SYS
 0005:00000058       __NULL_IMPORT_DESCRIPTOR   000000014000a058     ntoskrnl:ntoskrnl.exe

 entry point at        0001:00003488

 Static symbols

 0002:ffffa000       __guard_fids__             0000000140000000     ntoskrnl:guard_support.obj
 0002:ffffa000       __guard_fids__             0000000140000000     ntoskrnl:guard_support.obj
 0002:ffffa000       __guard_fids__guard_icall_checks_enforced 0000000140000000     ntoskrnl:guard_support.obj
 0000:ffff4000       .debug$S                   0000000140000000     ntoskrnl:ntoskrnl.exe
 0000:ffff4000       .debug$S                   0000000140000000     ntoskrnl:ntoskrnl.exe
 0000:ffff4000       .debug$S                   0000000140000000     ntoskrnl:ntoskrnl.exe
 0000:ffff4000       .debug$S                   0000000140000000     ntoskrnl:ntoskrnl.exe
 0000:ffff4000       .debug$S                   0000000140000000     ntoskrnl:ntoskrnl.exe
 0000:ffff4000       .debug$S                   0000000140000000     ntoskrnl:ntoskrnl.exe
 0002:ffffa000       __guard_fids_?FxStubBindClasses@@YAJPEAU_WDF_BIND_INFO@@@Z 0000000140000000     wdfdriverentry:classbind.obj
 0002:ffffa000       __guard_fids_?FxStubUnbindClasses@@YAXPEAU_WDF_BIND_INFO@@@Z 0000000140000000     wdfdriverentry:classbind.obj
 0002:ffffa000       __guard_fids_FxDriverEntryWorker 0000000140000000     wdfdriverentry:stub.obj
 0002:ffffa000       __guard_fids_FxStubDriverUnload 0000000140000000     wdfdriverentry:stub.obj
 0000:ffff4000       .debug$S                   0000000140000000     wdfldr:WDFLDR.SYS
 0000:ffff4000       .debug$S                   0000000140000000     wdfldr:WDFLDR.SYS
 0000:ffff4000       .debug$S                   0000000140000000     wdfldr:WDFLDR.SYS
 0000:ffff4000       .debug$S                   0000000140000000     wdfldr:WDFLDR.SYS
 0000:ffff4000       .debug$S                   0000000140000000     wdfldr:WDFLDR.SYS
 0001:000018b0       GaYmQueuePendingInputRequest 00000001400028b0 f   device.obj
 0001:00001940       GaYmShouldInterceptInternalIoctl 0000000140002940 f   device.obj
 0001:00001970       QueryDeviceIds             0000000140002970 f   device.obj
 0001:00002580       TranslateXboxUsbHidReport  0000000140003580 f   devices.obj
 0001:00002820       TranslateXboxBtReport      0000000140003820 f   devices.obj
 0001:00002c10       TranslateDualSenseReport   0000000140003c10 f   devices.obj
 0001:00002fd0       AxisI16toU16               0000000140003fd0 f   devices.obj
 0001:00002fe0       AxisI16toU8                0000000140003fe0 f   devices.obj
 0001:00003240       ParseHexW                  0000000140004240 f   devices.obj
 0001:00003ae4       __castguard_check_failure_os_handled_wrapper 0000000140004ae4 f   ntoskrnl:guard_support.obj
 0001:00003b08       __castguard_compat_check   0000000140004b08 f   ntoskrnl:guard_support.obj
 0001:00003bf8       __castguard_slow_path_compat_check 0000000140004bf8 f   ntoskrnl:guard_support.obj
 0001:00003c80       $$000000                   0000000140004c80     ntoskrnl:dispatchcfg.obj
 0001:00003ca0       $$000000                   0000000140004ca0     ntoskrnl:guard_dispatch.obj
 0001:00003cc0       $$000000                   0000000140004cc0     ntoskrnl:guard_xfg_dispatch.obj
 0001:00003d00       $$000000                   0000000140004d00     ntoskrnl:memset.obj
 0001:00003d22       mset10                     0000000140004d22     ntoskrnl:memset.obj
 0001:00003d38       mset20                     0000000140004d38     ntoskrnl:memset.obj
 0001:00003d61       mset30                     0000000140004d61     ntoskrnl:memset.obj
 0001:00003d90       mset45                     0000000140004d90     ntoskrnl:memset.obj
 0001:00003d96       mset46                     0000000140004d96     ntoskrnl:memset.obj
 0001:00003dc0       mset47                     0000000140004dc0     ntoskrnl:memset.obj
 0001:00003df0       mset48                     0000000140004df0     ntoskrnl:memset.obj
 0001:00003e06       mset50                     0000000140004e06     ntoskrnl:memset.obj
 0001:00003e40       $$000000                   0000000140004e40     ntoskrnl:memset.obj
 0001:00003e4a       repmovs10                  0000000140004e4a     ntoskrnl:memset.obj
 0001:00003e7c       repmovs20                  0000000140004e7c     ntoskrnl:memset.obj
 0001:00003ec0       $$000000                   0000000140004ec0     ntoskrnl:memset.obj
 0001:00003f00       $$000000                   0000000140004f00     ntoskrnl:memcpy.obj
 0001:00003f20       mcpy00                     0000000140004f20     ntoskrnl:memcpy.obj
 0001:00003f40       mcpy10                     0000000140004f40     ntoskrnl:memcpy.obj
 0001:00003f5a       mcpy20                     0000000140004f5a     ntoskrnl:memcpy.obj
 0001:00003f60       mcpy30                     0000000140004f60     ntoskrnl:memcpy.obj
 0001:00003f80       xcpy00                     0000000140004f80     ntoskrnl:memcpy.obj
 0001:00003fb1       xcpy10                     0000000140004fb1     ntoskrnl:memcpy.obj
 0001:00004000       xcpy13                     0000000140005000     ntoskrnl:memcpy.obj
 0001:0000402f       xcpy15                     000000014000502f     ntoskrnl:memcpy.obj
 0001:00004051       xcpy20                     0000000140005051     ntoskrnl:memcpy.obj
 0001:00004065       xcpy30                     0000000140005065     ntoskrnl:memcpy.obj
 0001:00004080       lcpy00                     0000000140005080     ntoskrnl:memcpy.obj
 0001:000040c0       lcpy10                     00000001400050c0     ntoskrnl:memcpy.obj
 0001:00004100       xmov00                     0000000140005100     ntoskrnl:memcpy.obj
 0001:0000412d       xmov10                     000000014000512d     ntoskrnl:memcpy.obj
 0001:00004140       xmov13                     0000000140005140     ntoskrnl:memcpy.obj
 0001:0000416f       xmov15                     000000014000516f     ntoskrnl:memcpy.obj
 0001:00004191       xmov20                     0000000140005191     ntoskrnl:memcpy.obj
 0001:000041a6       xmov30                     00000001400051a6     ntoskrnl:memcpy.obj
 0002:00000290       g_DeviceTable              0000000140006290     devices.obj
 0002:000003f0       g_DeviceTableCount         00000001400063f0     devices.obj
 0002:00000d40       $unwind$WDF_DRIVER_CONFIG_INIT 0000000140006d40     driver.obj
 0002:00000d48       $unwind$WdfDriverCreate    0000000140006d48     driver.obj
 0002:00000d50       $unwind$DriverEntry        0000000140006d50     driver.obj
 0002:00000d58       $unwind$GaYmEvtDriverUnload 0000000140006d58     driver.obj
 0002:00000d60       $unwind$WDF_OBJECT_ATTRIBUTES_INIT 0000000140006d60     device.obj
 0002:00000d68       $unwind$WdfObjectGetTypedContextWorker 0000000140006d68     device.obj
 0002:00000d70       $unwind$WdfObjectDelete    0000000140006d70     device.obj
 0002:00000d78       $unwind$WDF_PNPPOWER_EVENT_CALLBACKS_INIT 0000000140006d78     device.obj
 0002:00000d80       $unwind$WdfDeviceWdmGetPhysicalDevice 0000000140006d80     device.obj
 0002:00000d88       $unwind$WdfDeviceGetIoTarget 0000000140006d88     device.obj
 0002:00000d90       $unwind$WdfDeviceInitFree  0000000140006d90     device.obj
 0002:00000d98       $unwind$WdfDeviceInitSetPnpPowerEventCallbacks 0000000140006d98     device.obj
 0002:00000da0       $unwind$WdfDeviceInitSetExclusive 0000000140006da0     device.obj
 0002:00000da8       $unwind$WdfDeviceInitSetDeviceType 0000000140006da8     device.obj
 0002:00000db0       $unwind$WdfDeviceInitAssignName 0000000140006db0     device.obj
 0002:00000db8       $unwind$WdfDeviceInitSetCharacteristics 0000000140006db8     device.obj
 0002:00000dc0       $unwind$WdfDeviceCreate    0000000140006dc0     device.obj
 0002:00000dc8       $unwind$WdfDeviceCreateSymbolicLink 0000000140006dc8     device.obj
 0002:00000dd0       $unwind$WDF_REQUEST_PARAMETERS_INIT 0000000140006dd0     device.obj
 0002:00000dd8       $unwind$WDF_REQUEST_SEND_OPTIONS_INIT 0000000140006dd8     device.obj
 0002:00000de0       $unwind$WdfRequestFormatRequestUsingCurrentType 0000000140006de0     device.obj
 0002:00000de8       $unwind$WdfRequestSend     0000000140006de8     device.obj
 0002:00000df0       $unwind$WdfRequestGetStatus 0000000140006df0     device.obj
 0002:00000df8       $unwind$WdfRequestComplete 0000000140006df8     device.obj
 0002:00000e00       $unwind$WdfRequestCompleteWithInformation 0000000140006e00     device.obj
 0002:00000e08       $unwind$WdfRequestGetParameters 0000000140006e08     device.obj
 0002:00000e10       $unwind$WdfRequestRetrieveInputBuffer 0000000140006e10     device.obj
 0002:00000e18       $unwind$WdfRequestRetrieveOutputBuffer 0000000140006e18     device.obj
 0002:00000e20       $unwind$WdfRequestForwardToIoQueue 0000000140006e20     device.obj
 0002:00000e28       $unwind$WdfRequestWdmGetIrp 0000000140006e28     device.obj
 0002:00000e30       $unwind$WDF_IO_QUEUE_CONFIG_INIT 0000000140006e30     device.obj
 0002:00000e38       $unwind$WDF_IO_QUEUE_CONFIG_INIT_DEFAULT_QUEUE 0000000140006e38     device.obj
 0002:00000e40       $unwind$WdfIoQueueCreate   0000000140006e40     device.obj
 0002:00000e48       $unwind$WdfIoQueueGetDevice 0000000140006e48     device.obj
 0002:00000e50       $unwind$WdfIoQueueRetrieveNextRequest 0000000140006e50     device.obj
 0002:00000e58       $unwind$WdfIoQueuePurgeSynchronously 0000000140006e58     device.obj
 0002:00000e60       $unwind$WdfFdoInitSetFilter 0000000140006e60     device.obj
 0002:00000e68       $unwind$WdfControlDeviceInitAllocate 0000000140006e68     device.obj
 0002:00000e70       $unwind$WdfControlFinishInitializing 0000000140006e70     device.obj
 0002:00000e78       $unwind$DeviceGetContext   0000000140006e78     device.obj
 0002:00000e80       $unwind$ControlGetContext  0000000140006e80     device.obj
 0002:00000e88       $unwind$GaYmEvtDeviceAdd   0000000140006e88     device.obj
 0002:00000e90       $unwind$GaYmEvtIoRead      0000000140006e90     device.obj
 0002:00000e98       $unwind$GaYmEvtIoWrite     0000000140006e98     device.obj
 0002:00000ea0       $unwind$GaYmEvtIoDeviceControl 0000000140006ea0     device.obj
 0002:00000ea8       $unwind$GaYmEvtCtlIoDeviceControl 0000000140006ea8     device.obj
 0002:00000eb0       $unwind$GaYmEvtIoInternalDeviceControl 0000000140006eb0     device.obj
 0002:00000eb8       $unwind$GaYmEvtPrepareHardware 0000000140006eb8     device.obj
 0002:00000ec0       $unwind$GaYmEvtReleaseHardware 0000000140006ec0     device.obj
 0002:00000ec8       $unwind$GaYmEvtD0Entry     0000000140006ec8     device.obj
 0002:00000ed0       $unwind$GaYmEvtD0Exit      0000000140006ed0     device.obj
 0002:00000ed8       $unwind$GaYmEvtSurpriseRemoval 0000000140006ed8     device.obj
 0002:00000ee0       $unwind$GaYmForwardRequest 0000000140006ee0     device.obj
 0002:00000ee8       $unwind$GaYmCompleteReadWithReport 0000000140006ee8     device.obj
 0002:00000ef0       $unwind$GaYmDrainPendingReads 0000000140006ef0     device.obj
 0002:00000ef8       $unwind$GaYmCreateControlDevice 0000000140006ef8     device.obj
 0002:00000f04       $unwind$GaYmDeleteControlDevice 0000000140006f04     device.obj
 0002:00000f0c       $unwind$QueryDeviceIds     0000000140006f0c     device.obj
 0002:00000f14       $unwind$GaYmShouldInterceptInternalIoctl 0000000140006f14     device.obj
 0002:00000f1c       $unwind$GaYmQueuePendingInputRequest 0000000140006f1c     device.obj
 0002:00000f24       $unwind$GaYmLookupDevice   0000000140006f24     devices.obj
 0002:00000f2c       $unwind$GaYmDeviceTypeName 0000000140006f2c     devices.obj
 0002:00000f34       $unwind$GaYmParseHardwareId 0000000140006f34     devices.obj
 0002:00000f3c       $unwind$ParseHexW          0000000140006f3c     devices.obj
 0002:00000f44       $unwind$TranslateXboxUsbHidReport 0000000140006f44     devices.obj
 0002:00000f4c       $unwind$TranslateXboxBtReport 0000000140006f4c     devices.obj
 0002:00000f54       $unwind$TranslateDualSenseReport 0000000140006f54     devices.obj
 0002:00000f60       $xdatasym$memset           0000000140006f60     ntoskrnl:memset.obj
 0002:00000f68       $xdatasym$__memset_repmovs 0000000140006f68     ntoskrnl:memset.obj
 0002:00000f78       $xdatasym$__memset_query   0000000140006f78     ntoskrnl:memset.obj
 0002:00000f90       $xdatasym$memcpy           0000000140006f90     ntoskrnl:memcpy.obj
 0002:00000f94       $unwind$__cpu_features_init 0000000140006f94     ntoskrnl:cpuinfo.obj
 0002:00000fa0       $unwind$?FxStubDriverEntryFailure@@YAXXZ 0000000140006fa0     wdfdriverentry:stub.obj
 0002:00000fac       $unwind$FxDriverEntryWorker 0000000140006fac     wdfdriverentry:stub.obj
 0002:00000fc8       $unwind$FxDriverEntry      0000000140006fc8     wdfdriverentry:stub.obj
 0002:00000fd8       $unwind$FxStubDriverMiniportUnload 0000000140006fd8     wdfdriverentry:stub.obj
 0002:00000fe4       $unwind$FxStubDriverUnload 0000000140006fe4     wdfdriverentry:stub.obj
 0002:00000ff0       $unwind$?FxStubDriverUnloadCommon@@YAXXZ 0000000140006ff0     wdfdriverentry:stub.obj
 0002:00000ffc       $unwind$?FxStubInitTypes@@YAJXZ 0000000140006ffc     wdfdriverentry:inittypes.obj
 0002:0000100c       $unwind$?FxStubUnbindClasses@@YAXPEAU_WDF_BIND_INFO@@@Z 000000014000700c     wdfdriverentry:classbind.obj
 0002:00001020       $unwind$?FxStubBindClasses@@YAJPEAU_WDF_BIND_INFO@@@Z 0000000140007020     wdfdriverentry:classbind.obj
 0002:00001038       $xdatasym$_guard_dispatch_icall 0000000140007038     ntoskrnl:dispatchcfg.obj
 0002:0000103c       $unwind$__castguard_check_failure_os_handled_wrapper 000000014000703c     ntoskrnl:guard_support.obj
 0002:00001048       $unwind$__castguard_check_failure_os_handled 0000000140007048     ntoskrnl:guard_support.obj
 0002:00001054       $unwind$__castguard_slow_path_check_os_handled 0000000140007054     ntoskrnl:guard_support.obj
 0002:00001060       $xdatasym$_guard_dispatch_icall_nop 0000000140007060     ntoskrnl:guard_dispatch.obj
 0002:00001068       $xdatasym$_guard_xfg_dispatch_icall_nop 0000000140007068     ntoskrnl:guard_xfg_dispatch.obj
 0003:00000028       $SG38841                   0000000140008028     driver.obj
 0003:00000038       $SG38856                   0000000140008038     driver.obj
 0003:00000050       $SG38892                   0000000140008050     driver.obj
 0003:00000088       $SG38908                   0000000140008088     driver.obj
 0003:000000c0       $SG38911                   00000001400080c0     driver.obj
 0003:00000130       $SG38837                   0000000140008130     device.obj
 0003:00000140       $SG38852                   0000000140008140     device.obj
 0003:00000160       $SG44314                   0000000140008160     device.obj
 0003:000001a8       $SG44325                   00000001400081a8     device.obj
 0003:000001d8       $SG44345                   00000001400081d8     device.obj
 0003:00000210       $SG44478                   0000000140008210     device.obj
 0003:00000248       $SG44481                   0000000140008248     device.obj
 0003:00000270       $SG44489                   0000000140008270     device.obj
 0003:000002b8       $SG44539                   00000001400082b8     device.obj
 0003:000002e0       $SG44540                   00000001400082e0     device.obj
 0003:00000360       $SG44543                   0000000140008360     device.obj
 0003:000003a0       $SG44546                   00000001400083a0     device.obj
 0003:000003d8       $SG44549                   00000001400083d8     device.obj
 0003:00000410       $SG44552                   0000000140008410     device.obj
 0003:00000450       $SG44555                   0000000140008450     device.obj
 0003:00000490       $SG44557                   0000000140008490     device.obj
 0003:000004d0       $SG44568                   00000001400084d0     device.obj
 0003:000004f0       $SG44608                   00000001400084f0     device.obj
 0003:00000520       $SG44611                   0000000140008520     device.obj
 0003:00000558       $SG44613                   0000000140008558     device.obj
 0003:00000598       $SG44616                   0000000140008598     device.obj
 0003:000005d0       $SG44619                   00000001400085d0     device.obj
 0003:00000610       $SG44622                   0000000140008610     device.obj
 0003:00000660       $SG44624                   0000000140008660     device.obj
 0003:000006a0       $SG44664                   00000001400086a0     device.obj
 0003:000006e0       $SG44681                   00000001400086e0     device.obj
 0003:00000718       $SG44683                   0000000140008718     device.obj
 0003:00000750       $SG44699                   0000000140008750     device.obj
 0003:00000798       $SG44701                   0000000140008798     device.obj
 0003:000007d8       $SG44720                   00000001400087d8     device.obj
 0003:00000810       $SG44723                   0000000140008810     device.obj
 0003:00000850       $SG44738                   0000000140008850     device.obj
 0003:00000890       $SG44740                   0000000140008890     device.obj
 0003:000008d8       $SG32052                   00000001400088d8     devices.obj
 0003:000008f0       $SG32053                   00000001400088f0     devices.obj
 0003:00000908       $SG32054                   0000000140008908     devices.obj
 0003:00000928       $SG32055                   0000000140008928     devices.obj
 0003:00000948       $SG32056                   0000000140008948     devices.obj
 0003:00000968       $SG32057                   0000000140008968     devices.obj
 0003:00000988       $SG32058                   0000000140008988     devices.obj
 0003:000009a8       $SG32059                   00000001400089a8     devices.obj
 0003:000009c0       $SG32060                   00000001400089c0     devices.obj
 0003:000009e0       $SG32061                   00000001400089e0     devices.obj
 0003:000009f8       $SG32062                   00000001400089f8     devices.obj
 0003:00000a08       $SG32078                   0000000140008a08     devices.obj
 0003:00000a18       $SG32080                   0000000140008a18     devices.obj
 0003:00000a28       $SG32082                   0000000140008a28     devices.obj
 0003:00000a38       $SG32084                   0000000140008a38     devices.obj
 0003:00000a48       $SG32086                   0000000140008a48     devices.obj
 0003:00000ad0       WdfBindInfo                0000000140008ad0     wdfdriverentry:stub.obj
 0003:00000b58       ?__KMDF_CLASS_BIND_LAST_BOUND@@3PEAU_WDF_CLASS_BIND_INFO@@EA 0000000140008b58     wdfdriverentry:classbind.obj
 0003:00000b88       g_ControlDevice            0000000140008b88     device.obj
 0003:00000ba0       WdfDriverStubRegistryPathBuffer 0000000140008ba0     wdfdriverentry:stub.obj
 0003:00000dd0       WdfDriverStubRegistryPath  0000000140008dd0     wdfdriverentry:stub.obj
 0003:00000de8       WdfDriverStubDriverObject  0000000140008de8     wdfdriverentry:stub.obj
 0003:00000df0       WdfDriverStubDisplacedDriverUnload 0000000140008df0     wdfdriverentry:stub.obj
 0005:00000146       .idata$6                   000000014000a146     ntoskrnl:ntoskrnl.exe
 0005:000001d8       .idata$6                   000000014000a1d8     wdfldr:WDFLDR.SYS
